// Jest Snapshot v1, https://goo.gl/fbAQLP

exports[`Test the Header component Should match the snapshot 1`] = `
<DocumentFragment>
  .c0 {
  position: relative;
  background-color: #f1b2b2;
  padding: 12px 24px;
  margin-bottom: 12px;
  box-shadow: 0 4px 24px #45496a6f;
  height: 64px;
}

.c0 .container {
  display: -webkit-box;
  display: -webkit-flex;
  display: -ms-flexbox;
  display: flex;
  -webkit-box-pack: justify;
  -webkit-justify-content: space-between;
  -ms-flex-pack: justify;
  justify-content: space-between;
  -webkit-align-items: center;
  -webkit-box-align: center;
  -ms-flex-align: center;
  align-items: center;
}

.c0 .container .header__title {
  font-size: 32px;
  font-weight: 800;
  color: #45496a;
  -webkit-text-decoration: none;
  text-decoration: none;
}

.c0 .container .header__links {
  display: -webkit-box;
  display: -webkit-flex;
  display: -ms-flexbox;
  display: flex;
  -webkit-box-flex: 1;
  -webkit-flex-grow: 1;
  -ms-flex-positive: 1;
  flex-grow: 1;
  -webkit-box-pack: space-around;
  -webkit-justify-content: space-around;
  -ms-flex-pack: space-around;
  justify-content: space-around;
  -webkit-align-items: center;
  -webkit-box-align: center;
  -ms-flex-align: center;
  align-items: center;
  max-width: 700px;
}

.c0 .container .header__link {
  position: relative;
  display: -webkit-box;
  display: -webkit-flex;
  display: -ms-flexbox;
  display: flex;
  -webkit-box-pack: center;
  -webkit-justify-content: center;
  -ms-flex-pack: center;
  justify-content: center;
  -webkit-align-items: center;
  -webkit-box-align: center;
  -ms-flex-align: center;
  align-items: center;
  color: #2f3037;
  cursor: pointer;
}

.c0 .container .header__link:hover {
  color: #525560;
  -webkit-text-decoration: underline;
  text-decoration: underline;
}

.c0 .container .header__theme-btn,
.c0 .container .header__nav-btn {
  color: #2f3037;
  cursor: pointer;
  font-size: 22px;
}

.c1 {
  display: -webkit-box;
  display: -webkit-flex;
  display: -ms-flexbox;
  display: flex;
  -webkit-box-flex: 1;
  -webkit-flex-grow: 1;
  -ms-flex-positive: 1;
  flex-grow: 1;
  -webkit-box-pack: space-around;
  -webkit-justify-content: space-around;
  -ms-flex-pack: space-around;
  justify-content: space-around;
  -webkit-align-items: center;
  -webkit-box-align: center;
  -ms-flex-align: center;
  align-items: center;
  max-width: 700px;
}

@media only screen and (max-width:576px) {
  .c0 .container .header__links {
    position: absolute;
    top: 64px;
    left: 0;
    display: -webkit-box;
    display: -webkit-flex;
    display: -ms-flexbox;
    display: flex;
    -webkit-box-pack: space-around;
    -webkit-justify-content: space-around;
    -ms-flex-pack: space-around;
    justify-content: space-around;
    width: 100%;
    background-color: #f1b2b2;
    padding: 12px 24px;
    box-shadow: 0 12px 24px #45496a6f;
  }
}

<header
    class="c0"
  >
    <div
      class="container"
    >
      <a
        class="header__title"
        href="/"
      >
        DÃ©bora Serra
      </a>
      <nav
        class="c1"
      >
        <div
          class="header__links"
        >
          <a
            class="header__link"
            href="/about"
          >
            About Me
          </a>
          <p
            class="header__link"
          >
            Projects 
            <svg
              fill="currentColor"
              height="1em"
              stroke="currentColor"
              stroke-width="0"
              viewBox="0 0 24 24"
              width="1em"
              xmlns="http://www.w3.org/2000/svg"
            >
              <path
                d="M16.293 9.293 12 13.586 7.707 9.293l-1.414 1.414L12 16.414l5.707-5.707z"
              />
            </svg>
          </p>
          <a
            class="header__link"
            href="/contact"
          >
            Contact
          </a>
        </div>
      </nav>
      <div
        class="header__theme-btn"
      >
        <svg
          class="header__theme-btn--icon"
          fill="currentColor"
          height="1em"
          stroke="currentColor"
          stroke-width="0"
          viewBox="0 0 24 24"
          width="1em"
          xmlns="http://www.w3.org/2000/svg"
        >
          <path
            d="M6.993 12c0 2.761 2.246 5.007 5.007 5.007s5.007-2.246 5.007-5.007S14.761 6.993 12 6.993 6.993 9.239 6.993 12zM12 8.993c1.658 0 3.007 1.349 3.007 3.007S13.658 15.007 12 15.007 8.993 13.658 8.993 12 10.342 8.993 12 8.993zM10.998 19h2v3h-2zm0-17h2v3h-2zm-9 9h3v2h-3zm17 0h3v2h-3zM4.219 18.363l2.12-2.122 1.415 1.414-2.12 2.122zM16.24 6.344l2.122-2.122 1.414 1.414-2.122 2.122zM6.342 7.759 4.22 5.637l1.415-1.414 2.12 2.122zm13.434 10.605-1.414 1.414-2.122-2.122 1.414-1.414z"
          />
        </svg>
      </div>
    </div>
  </header>
</DocumentFragment>
`;
