// Jest Snapshot v1, https://goo.gl/fbAQLP

exports[`Test the SandwichComp component Should match the snapshot 1`] = `
<DocumentFragment>
  <div
    class=""
  />
</DocumentFragment>
`;
