// Jest Snapshot v1, https://goo.gl/fbAQLP

exports[`Test the Footer component Should match the snapshot 1`] = `
<DocumentFragment>
  .c0 {
  display: -webkit-box;
  display: -webkit-flex;
  display: -ms-flexbox;
  display: flex;
  -webkit-box-pack: justify;
  -webkit-justify-content: space-between;
  -ms-flex-pack: justify;
  justify-content: space-between;
  -webkit-align-items: flex-start;
  -webkit-box-align: flex-start;
  -ms-flex-align: flex-start;
  align-items: flex-start;
  background-color: #f1b2b2;
  min-height: 64px;
  padding: 12px 24px;
  position: relative;
  bottom: 0;
  box-shadow: 0 -12px 24px #45496a6f;
}

.c0 .footer__heading {
  font-size: 18px;
  color: #2f3037;
}

.c0 .footer__nav {
  display: -webkit-box;
  display: -webkit-flex;
  display: -ms-flexbox;
  display: flex;
  -webkit-flex-direction: column;
  -ms-flex-direction: column;
  flex-direction: column;
  -webkit-align-items: flex-start;
  -webkit-box-align: flex-start;
  -ms-flex-align: flex-start;
  align-items: flex-start;
  -webkit-box-pack: center;
  -webkit-justify-content: center;
  -ms-flex-pack: center;
  justify-content: center;
  width: 30%;
  font-size: 14px;
}

.c0 .footer__nav--item {
  line-height: 1.5;
}

@media only screen and (max-width :576px) {
  .c0 {
    -webkit-flex-direction: column;
    -ms-flex-direction: column;
    flex-direction: column;
    gap: 16px;
    -webkit-align-items: center;
    -webkit-box-align: center;
    -ms-flex-align: center;
    align-items: center;
  }

  .c0 .footer__heading {
    text-align: center;
  }

  .c0 .footer__nav {
    -webkit-align-items: center;
    -webkit-box-align: center;
    -ms-flex-align: center;
    align-items: center;
    width: 100%;
  }
}

<footer
    class="c0"
  >
    <h2
      class="footer__heading"
    >
      Developed by DÃ©bora Serra
    </h2>
    <nav
      class="footer__nav"
    >
      <a
        class="footer__nav--item"
        href="https://github.com/DeboraSerra"
        rel="noreferrer"
        target="_blank"
      >
        My github page
      </a>
      <a
        class="footer__nav--item"
        href="https://wa.me/+5561982311582"
        rel="noreferrer"
        target="_blank"
      >
        My what's app
      </a>
      <a
        class="footer__nav--item"
        href="https://www.linkedin.com/in/debora-r-serra/"
        rel="noreferrer"
        target="_blank"
      >
        My Linked-in
      </a>
    </nav>
  </footer>
</DocumentFragment>
`;
